#
# There is insufficient memory for the Java Runtime Environment to continue.
# Native memory allocation (malloc) failed to allocate 1232016 bytes. Error detail: Chunk::new
# Possible reasons:
#   The system is out of physical RAM or swap space
#   This process is running with CompressedOops enabled, and the Java Heap may be blocking the growth of the native heap
# Possible solutions:
#   Reduce memory load on the system
#   Increase physical memory or swap space
#   Check if swap backing store is full
#   Decrease Java heap size (-Xmx/-Xms)
#   Decrease number of Java threads
#   Decrease Java thread stack sizes (-Xss)
#   Set larger code cache with -XX:ReservedCodeCacheSize=
#   JVM is running with Unscaled Compressed Oops mode in which the Java heap is
#     placed in the first 4GB address space. The Java Heap base address is the
#     maximum limit for the native heap growth. Please use -XX:HeapBaseMinAddress
#     to set the Java Heap base and to place the Java Heap above 4GB virtual address.
# This output file may be truncated or incomplete.
#
#  Out of Memory Error (arena.cpp:168), pid=22860, tid=28548
#
# JRE version: OpenJDK Runtime Environment Temurin-21.0.10+7 (21.0.10+7) (build 21.0.10+7-LTS)
# Java VM: OpenJDK 64-Bit Server VM Temurin-21.0.10+7 (21.0.10+7-LTS, mixed mode, sharing, tiered, compressed oops, compressed class ptrs, parallel gc, windows-amd64)
# No core dump will be written. Minidumps are not enabled by default on client versions of Windows
#

---------------  S U M M A R Y ------------

Command Line: --add-modules=ALL-SYSTEM --add-opens=java.base/java.util=ALL-UNNAMED --add-opens=java.base/java.lang=ALL-UNNAMED --add-opens=java.base/sun.nio.fs=ALL-UNNAMED -Declipse.application=org.eclipse.jdt.ls.core.id1 -Dosgi.bundles.defaultStartLevel=4 -Declipse.product=org.eclipse.jdt.ls.core.product -Djava.import.generatesMetadataFilesAtProjectRoot=false -DDetectVMInstallationsJob.disabled=true -Dfile.encoding=utf8 -XX:+UseParallelGC -XX:GCTimeRatio=4 -XX:AdaptiveSizePolicyWeight=90 -Dsun.zip.disableMemoryMapping=true -Xmx2G -Xms100m -Xlog:disable -javaagent:c:\Users\HP\.antigravity\extensions\redhat.java-1.53.0-win32-x64\lombok\lombok-1.18.39-4050.jar -XX:+HeapDumpOnOutOfMemoryError -XX:HeapDumpPath=c:\Users\HP\AppData\Roaming\Antigravity\User\workspaceStorage\ce259778cc1f066ad61d5e2315271163\redhat.java -Daether.dependencyCollector.impl=bf c:\Users\HP\.antigravity\extensions\redhat.java-1.53.0-win32-x64\server\plugins\org.eclipse.equinox.launcher_1.7.100.v20251111-0406.jar -configuration c:\Users\HP\AppData\Roaming\Antigravity\User\globalStorage\redhat.java\1.53.0\config_win -data c:\Users\HP\AppData\Roaming\Antigravity\User\workspaceStorage\ce259778cc1f066ad61d5e2315271163\redhat.java\jdt_ws --pipe=\\.\pipe\lsp-06b2696b0cc6e4fccf23adbb491c519f-sock

Host: 13th Gen Intel(R) Core(TM) i3-1315U, 8 cores, 15G,  Windows 11 , 64 bit Build 26100 (10.0.26100.7705)
Time: Tue Apr 14 22:55:02 2026 elapsed time: 308.974334 seconds (0d 0h 5m 8s)

---------------  T H R E A D  ---------------

Current thread (0x0000022f8e01dad0):  JavaThread "C2 CompilerThread0" daemon [_thread_in_native, id=28548, stack(0x000000b101500000,0x000000b101600000) (1024K)]


Current CompileTask:
C2:308974 9045       4       org.eclipse.osgi.internal.loader.BundleLoader::addExportedProvidersFor (167 bytes)

Stack: [0x000000b101500000,0x000000b101600000]
Native frames: (J=compiled Java code, j=interpreted, Vv=VM code, C=native code)
V  [jvm.dll+0x6d7a39]
V  [jvm.dll+0x8b4b26]
V  [jvm.dll+0x8b70de]
V  [jvm.dll+0x8b77c3]
V  [jvm.dll+0x284346]
V  [jvm.dll+0xc66ed]
V  [jvm.dll+0xc6c31]
V  [jvm.dll+0x3bec01]
V  [jvm.dll+0x38b162]
V  [jvm.dll+0x38a5aa]
V  [jvm.dll+0x24c560]
V  [jvm.dll+0x24bb40]
V  [jvm.dll+0x1cb34e]
V  [jvm.dll+0x25b85d]
V  [jvm.dll+0x259dea]
V  [jvm.dll+0x3f857e]
V  [jvm.dll+0x85f59d]
V  [jvm.dll+0x6d626d]
C  [ucrtbase.dll+0x37b0]
C  [KERNEL32.DLL+0x2e8d7]
C  [ntdll.dll+0x8c40c]


---------------  P R O C E S S  ---------------

Threads class SMR info:
_java_thread_list=0x0000022feffbaa60, length=60, elements={
0x0000022f8e09d7d0, 0x0000022f8e15acf0, 0x0000022f8e15d020, 0x0000022f8e0149b0,
0x0000022f8e0197c0, 0x0000022f8e01a220, 0x0000022f8e01cc90, 0x0000022f8e01dad0,
0x0000022f8e04e160, 0x0000022fe74dd420, 0x0000022fe7645490, 0x0000022fe7d840d0,
0x0000022fec1b6110, 0x0000022fec29fef0, 0x0000022fec2a0560, 0x0000022fe7eea910,
0x0000022fe7a97a80, 0x0000022fec458000, 0x0000022fec4593b0, 0x0000022fec45b480,
0x0000022fec45a760, 0x0000022fec459a40, 0x0000022fec458690, 0x0000022fe7cfa330,
0x0000022fe7cfb050, 0x0000022fe7cfc400, 0x0000022fe7cfbd70, 0x0000022fe7cfa9c0,
0x0000022fe7cf9610, 0x0000022fe7cfb6e0, 0x0000022fe7cf9ca0, 0x0000022fe7cfca90,
0x0000022fe7cff1f0, 0x0000022fe7d005a0, 0x0000022fe7cfe4d0, 0x0000022fe7cfd120,
0x0000022fe7cfeb60, 0x0000022fe7d00c30, 0x0000022ff016b2a0, 0x0000022ff0167e20,
0x0000022ff0169860, 0x0000022ff0169ef0, 0x0000022ff01684b0, 0x0000022ff016cce0,
0x0000022ff01691d0, 0x0000022ff016b930, 0x0000022ff016bfc0, 0x0000022ff0168b40,
0x0000022ff016d370, 0x0000022ff016f440, 0x0000022ff016e720, 0x0000022ff016da00,
0x0000022ff016e090, 0x0000022fec45adf0, 0x0000022fec45a0d0, 0x0000022ff016edb0,
0x0000022fe7cff880, 0x0000022feef90130, 0x0000022feef914e0, 0x0000022feef8faa0
}

Java Threads: ( => current thread )
  0x0000022f8e09d7d0 JavaThread "main"                              [_thread_blocked, id=39876, stack(0x000000b100b00000,0x000000b100c00000) (1024K)]
  0x0000022f8e15acf0 JavaThread "Reference Handler"          daemon [_thread_blocked, id=33244, stack(0x000000b100f00000,0x000000b101000000) (1024K)]
  0x0000022f8e15d020 JavaThread "Finalizer"                  daemon [_thread_blocked, id=36620, stack(0x000000b101000000,0x000000b101100000) (1024K)]
  0x0000022f8e0149b0 JavaThread "Signal Dispatcher"          daemon [_thread_blocked, id=20232, stack(0x000000b101100000,0x000000b101200000) (1024K)]
  0x0000022f8e0197c0 JavaThread "Attach Listener"            daemon [_thread_blocked, id=12032, stack(0x000000b101200000,0x000000b101300000) (1024K)]
  0x0000022f8e01a220 JavaThread "Service Thread"             daemon [_thread_blocked, id=9488, stack(0x000000b101300000,0x000000b101400000) (1024K)]
  0x0000022f8e01cc90 JavaThread "Monitor Deflation Thread"   daemon [_thread_blocked, id=26116, stack(0x000000b101400000,0x000000b101500000) (1024K)]
=>0x0000022f8e01dad0 JavaThread "C2 CompilerThread0"         daemon [_thread_in_native, id=28548, stack(0x000000b101500000,0x000000b101600000) (1024K)]
  0x0000022f8e04e160 JavaThread "C1 CompilerThread0"         daemon [_thread_blocked, id=36588, stack(0x000000b101600000,0x000000b101700000) (1024K)]
  0x0000022fe74dd420 JavaThread "Common-Cleaner"             daemon [_thread_blocked, id=26148, stack(0x000000b101700000,0x000000b101800000) (1024K)]
  0x0000022fe7645490 JavaThread "Notification Thread"        daemon [_thread_blocked, id=4200, stack(0x000000b101900000,0x000000b101a00000) (1024K)]
  0x0000022fe7d840d0 JavaThread "Active Thread: Equinox Container: 12d32e85-3e15-4053-b466-925ff8a978a1"        [_thread_blocked, id=16724, stack(0x000000b102100000,0x000000b102200000) (1024K)]
  0x0000022fec1b6110 JavaThread "Refresh Thread: Equinox Container: 12d32e85-3e15-4053-b466-925ff8a978a1" daemon [_thread_blocked, id=37236, stack(0x000000b100800000,0x000000b100900000) (1024K)]
  0x0000022fec29fef0 JavaThread "Framework Event Dispatcher: Equinox Container: 12d32e85-3e15-4053-b466-925ff8a978a1" daemon [_thread_blocked, id=16336, stack(0x000000b101800000,0x000000b101900000) (1024K)]
  0x0000022fec2a0560 JavaThread "Start Level: Equinox Container: 12d32e85-3e15-4053-b466-925ff8a978a1" daemon [_thread_blocked, id=28044, stack(0x000000b101a00000,0x000000b101b00000) (1024K)]
  0x0000022fe7eea910 JavaThread "Bundle File Closer"         daemon [_thread_blocked, id=34844, stack(0x000000b102300000,0x000000b102400000) (1024K)]
  0x0000022fe7a97a80 JavaThread "SCR Component Actor"        daemon [_thread_blocked, id=10436, stack(0x000000b102200000,0x000000b102300000) (1024K)]
  0x0000022fec458000 JavaThread "Worker-JM"                         [_thread_blocked, id=37432, stack(0x000000b102600000,0x000000b102700000) (1024K)]
  0x0000022fec4593b0 JavaThread "JNA Cleaner"                daemon [_thread_blocked, id=11804, stack(0x000000b102400000,0x000000b102500000) (1024K)]
  0x0000022fec45b480 JavaThread "Worker-0"                          [_thread_blocked, id=10940, stack(0x000000b102500000,0x000000b102600000) (1024K)]
  0x0000022fec45a760 JavaThread "Worker-1: Update project android"        [_thread_blocked, id=5752, stack(0x000000b102700000,0x000000b102800000) (1024K)]
  0x0000022fec459a40 JavaThread "Java indexing"              daemon [_thread_blocked, id=41916, stack(0x000000b102a00000,0x000000b102b00000) (1024K)]
  0x0000022fec458690 JavaThread "Worker-3: Initialize workspace"        [_thread_in_Java, id=14332, stack(0x000000b102f00000,0x000000b103000000) (1024K)]
  0x0000022fe7cfa330 JavaThread "Worker-5"                          [_thread_blocked, id=32748, stack(0x000000b103100000,0x000000b103200000) (1024K)]
  0x0000022fe7cfb050 JavaThread "Thread-1"                   daemon [_thread_in_native, id=27456, stack(0x000000b103200000,0x000000b103300000) (1024K)]
  0x0000022fe7cfc400 JavaThread "Thread-2"                   daemon [_thread_in_native, id=25188, stack(0x000000b103300000,0x000000b103400000) (1024K)]
  0x0000022fe7cfbd70 JavaThread "Thread-3"                   daemon [_thread_in_native, id=29288, stack(0x000000b103400000,0x000000b103500000) (1024K)]
  0x0000022fe7cfa9c0 JavaThread "Thread-4"                   daemon [_thread_in_native, id=19820, stack(0x000000b103500000,0x000000b103600000) (1024K)]
  0x0000022fe7cf9610 JavaThread "Thread-5"                   daemon [_thread_in_native, id=10976, stack(0x000000b103600000,0x000000b103700000) (1024K)]
  0x0000022fe7cfb6e0 JavaThread "Thread-6"                   daemon [_thread_in_native, id=8456, stack(0x000000b103700000,0x000000b103800000) (1024K)]
  0x0000022fe7cf9ca0 JavaThread "Thread-7"                   daemon [_thread_in_native, id=31116, stack(0x000000b103800000,0x000000b103900000) (1024K)]
  0x0000022fe7cfca90 JavaThread "Thread-8"                   daemon [_thread_in_native, id=12052, stack(0x000000b103900000,0x000000b103a00000) (1024K)]
  0x0000022fe7cff1f0 JavaThread "Thread-9"                   daemon [_thread_in_native, id=12708, stack(0x000000b103a00000,0x000000b103b00000) (1024K)]
  0x0000022fe7d005a0 JavaThread "Timer-0"                           [_thread_blocked, id=23080, stack(0x000000b103b00000,0x000000b103c00000) (1024K)]
  0x0000022fe7cfe4d0 JavaThread "pool-2-thread-1"                   [_thread_blocked, id=36108, stack(0x000000b103c00000,0x000000b103d00000) (1024K)]
  0x0000022fe7cfd120 JavaThread "Timer-1"                           [_thread_blocked, id=39204, stack(0x000000b103d00000,0x000000b103e00000) (1024K)]
  0x0000022fe7cfeb60 JavaThread "WorkspaceEventsHandler"            [_thread_blocked, id=37636, stack(0x000000b103f00000,0x000000b104000000) (1024K)]
  0x0000022fe7d00c30 JavaThread "pool-1-thread-1"                   [_thread_blocked, id=20832, stack(0x000000b104000000,0x000000b104100000) (1024K)]
  0x0000022ff016b2a0 JavaThread "Timer-2"                           [_thread_blocked, id=37280, stack(0x000000b102900000,0x000000b102a00000) (1024K)]
  0x0000022ff0167e20 JavaThread "Timer-3"                           [_thread_blocked, id=20620, stack(0x000000b102c00000,0x000000b102d00000) (1024K)]
  0x0000022ff0169860 JavaThread "Timer-4"                           [_thread_blocked, id=39984, stack(0x000000b102e00000,0x000000b102f00000) (1024K)]
  0x0000022ff0169ef0 JavaThread "Timer-5"                           [_thread_blocked, id=29444, stack(0x000000b103000000,0x000000b103100000) (1024K)]
  0x0000022ff01684b0 JavaThread "Timer-6"                           [_thread_blocked, id=21380, stack(0x000000b103e00000,0x000000b103f00000) (1024K)]
  0x0000022ff016cce0 JavaThread "Timer-7"                           [_thread_blocked, id=30372, stack(0x000000b104200000,0x000000b104300000) (1024K)]
  0x0000022ff01691d0 JavaThread "Timer-8"                           [_thread_blocked, id=7944, stack(0x000000b104300000,0x000000b104400000) (1024K)]
  0x0000022ff016b930 JavaThread "Timer-9"                           [_thread_blocked, id=38484, stack(0x000000b104400000,0x000000b104500000) (1024K)]
  0x0000022ff016bfc0 JavaThread "Timer-10"                          [_thread_blocked, id=34308, stack(0x000000b100a00000,0x000000b100b00000) (1024K)]
  0x0000022ff0168b40 JavaThread "Timer-11"                          [_thread_blocked, id=36516, stack(0x000000b102d00000,0x000000b102e00000) (1024K)]
  0x0000022ff016d370 JavaThread "Timer-12"                          [_thread_blocked, id=21876, stack(0x000000b104500000,0x000000b104600000) (1024K)]
  0x0000022ff016f440 JavaThread "Connection worker"                 [_thread_blocked, id=23556, stack(0x000000b104600000,0x000000b104700000) (1024K)]
  0x0000022ff016e720 JavaThread "Connection worker Thread 2"        [_thread_blocked, id=22888, stack(0x000000b104700000,0x000000b104800000) (1024K)]
  0x0000022ff016da00 JavaThread "pool-6-thread-1"                   [_thread_blocked, id=11904, stack(0x000000b104800000,0x000000b104900000) (1024K)]
  0x0000022ff016e090 JavaThread "Exec process"                      [_thread_in_native, id=9684, stack(0x000000b104900000,0x000000b104a00000) (1024K)]
  0x0000022fec45adf0 JavaThread "Exec process Thread 2"             [_thread_blocked, id=7908, stack(0x000000b104b00000,0x000000b104c00000) (1024K)]
  0x0000022fec45a0d0 JavaThread "ForkJoinPool.commonPool-worker-3" daemon [_thread_blocked, id=14640, stack(0x000000b104a00000,0x000000b104b00000) (1024K)]
  0x0000022ff016edb0 JavaThread "ForkJoinPool.commonPool-worker-4" daemon [_thread_blocked, id=32324, stack(0x000000b104c00000,0x000000b104d00000) (1024K)]
  0x0000022fe7cff880 JavaThread "ForkJoinPool.commonPool-worker-5" daemon [_thread_blocked, id=22912, stack(0x000000b104d00000,0x000000b104e00000) (1024K)]
  0x0000022feef90130 JavaThread "ForkJoinPool.commonPool-worker-6" daemon [_thread_blocked, id=41300, stack(0x000000b104e00000,0x000000b104f00000) (1024K)]
  0x0000022feef914e0 JavaThread "ForkJoinPool.commonPool-worker-7" daemon [_thread_blocked, id=37548, stack(0x000000b104f00000,0x000000b105000000) (1024K)]
  0x0000022feef8faa0 JavaThread "ForkJoinPool.commonPool-worker-8" daemon [_thread_blocked, id=21004, stack(0x000000b105000000,0x000000b105100000) (1024K)]
Total: 60

Other Threads:
  0x0000022f8e13f790 VMThread "VM Thread"                           [id=22988, stack(0x000000b100e00000,0x000000b100f00000) (1024K)]
  0x0000022f8df2ca10 WatcherThread "VM Periodic Task Thread"        [id=38900, stack(0x000000b100d00000,0x000000b100e00000) (1024K)]
  0x0000022f8e0bb9c0 WorkerThread "GC Thread#0"                     [id=5404, stack(0x000000b100c00000,0x000000b100d00000) (1024K)]
  0x0000022fe7a37bf0 WorkerThread "GC Thread#1"                     [id=29196, stack(0x000000b101b00000,0x000000b101c00000) (1024K)]
  0x0000022fe7a37fa0 WorkerThread "GC Thread#2"                     [id=24444, stack(0x000000b101c00000,0x000000b101d00000) (1024K)]
  0x0000022fe7c3b220 WorkerThread "GC Thread#3"                     [id=7796, stack(0x000000b101d00000,0x000000b101e00000) (1024K)]
  0x0000022fe7c3b5d0 WorkerThread "GC Thread#4"                     [id=41492, stack(0x000000b101e00000,0x000000b101f00000) (1024K)]
  0x0000022fe7c3b980 WorkerThread "GC Thread#5"                     [id=36020, stack(0x000000b101f00000,0x000000b102000000) (1024K)]
  0x0000022fe7c3bd30 WorkerThread "GC Thread#6"                     [id=10608, stack(0x000000b102000000,0x000000b102100000) (1024K)]
  0x0000022fe76554e0 WorkerThread "GC Thread#7"                     [id=10888, stack(0x000000b100900000,0x000000b100a00000) (1024K)]
Total: 10

Threads with active compile tasks:
C2 CompilerThread0  308994 9045       4       org.eclipse.osgi.internal.loader.BundleLoader::addExportedProvidersFor (167 bytes)
Total: 1

VM state: not at safepoint (normal execution)

VM Mutex/Monitor currently owned by a thread: None

Heap address: 0x0000000080000000, size: 2048 MB, Compressed Oops mode: 32-bit

CDS archive(s) mapped at: [0x0000022fa5000000-0x0000022fa5ba0000-0x0000022fa5ba0000), size 12189696, SharedBaseAddress: 0x0000022fa5000000, ArchiveRelocationMode: 1.
Compressed class space mapped at: 0x0000022fa6000000-0x0000022fe6000000, reserved size: 1073741824
Narrow klass base: 0x0000022fa5000000, Narrow klass shift: 0, Narrow klass range: 0x100000000

GC Precious Log:
 CardTable entry size: 512
 CPUs: 8 total, 8 available
 Memory: 16027M
 Large Page Support: Disabled
 NUMA Support: Disabled
 Compressed Oops: Enabled (32-bit)
 Alignments: Space 512K, Generation 512K, Heap 2M
 Heap Min Capacity: 100M
 Heap Initial Capacity: 100M
 Heap Max Capacity: 2G
 Pre-touch: Disabled
 Parallel Workers: 8

Heap:
 PSYoungGen      total 19456K, used 8052K [0x00000000d5580000, 0x00000000d6b00000, 0x0000000100000000)
  eden space 18432K, 40% used [0x00000000d5580000,0x00000000d5cc6f18,0x00000000d6780000)
  from space 1024K, 58% used [0x00000000d6900000,0x00000000d69961a8,0x00000000d6a00000)
  to   space 1024K, 0% used [0x00000000d6a00000,0x00000000d6a00000,0x00000000d6b00000)
 ParOldGen       total 68608K, used 43243K [0x0000000080000000, 0x0000000084300000, 0x00000000d5580000)
  object space 68608K, 63% used [0x0000000080000000,0x0000000082a3ae90,0x0000000084300000)
 Metaspace       used 69076K, committed 70592K, reserved 1114112K
  class space    used 8643K, committed 9280K, reserved 1048576K

Card table byte_map: [0x0000022f8da40000,0x0000022f8de50000] _byte_map_base: 0x0000022f8d640000

Marking Bits: (ParMarkBitMap*) 0x00007ffdbe6b3450
 Begin Bits: [0x0000022fa0550000, 0x0000022fa2550000)
 End Bits:   [0x0000022fa2550000, 0x0000022fa4550000)

Polling page: 0x0000022f8beb0000

Metaspace:

Usage:
  Non-class:     59.02 MB used.
      Class:      8.44 MB used.
       Both:     67.46 MB used.

Virtual space:
  Non-class space:       64.00 MB reserved,      59.88 MB ( 94%) committed,  1 nodes.
      Class space:        1.00 GB reserved,       9.06 MB ( <1%) committed,  1 nodes.
             Both:        1.06 GB reserved,      68.94 MB (  6%) committed. 

Chunk freelists:
   Non-Class:  3.43 MB
       Class:  6.80 MB
        Both:  10.23 MB

MaxMetaspaceSize: unlimited
CompressedClassSpaceSize: 1.00 GB
Initial GC threshold: 21.00 MB
Current GC threshold: 97.31 MB
CDS: on
 - commit_granule_bytes: 65536.
 - commit_granule_words: 8192.
 - virtual_space_node_default_size: 8388608.
 - enlarge_chunks_in_place: 1.
 - use_allocation_guard: 0.


Internal statistics:

num_allocs_failed_limit: 9.
num_arena_births: 1194.
num_arena_deaths: 40.
num_vsnodes_births: 2.
num_vsnodes_deaths: 0.
num_space_committed: 1103.
num_space_uncommitted: 0.
num_chunks_returned_to_freelist: 57.
num_chunks_taken_from_freelist: 4121.
num_chunk_merges: 8.
num_chunk_splits: 2584.
num_chunks_enlarged: 1570.
num_inconsistent_stats: 0.

CodeHeap 'non-profiled nmethods': size=120000Kb used=5987Kb max_used=5987Kb free=114012Kb
 bounds [0x0000022f98d70000, 0x0000022f99350000, 0x0000022fa02a0000]
CodeHeap 'profiled nmethods': size=120000Kb used=16711Kb max_used=16711Kb free=103288Kb
 bounds [0x0000022f912a0000, 0x0000022f92300000, 0x0000022f987d0000]
CodeHeap 'non-nmethods': size=5760Kb used=1427Kb max_used=1515Kb free=4332Kb
 bounds [0x0000022f987d0000, 0x0000022f98a40000, 0x0000022f98d70000]
CodeCache: size=245760Kb, used=24125Kb, max_used=24213Kb, free=221632Kb
 total_blobs=8987, nmethods=8253, adapters=640, full_count=0
Compilation: enabled, stopped_count=0, restarted_count=0

Compilation events (20 events):
Event: 307.676 Thread 0x0000022f8e04e160 nmethod 9039 0x0000022f922e5c90 code [0x0000022f922e5e60, 0x0000022f922e62b0]
Event: 307.678 Thread 0x0000022f8e04e160 9040   !   3       java.util.concurrent.ConcurrentHashMap::putVal (432 bytes)
Event: 307.679 Thread 0x0000022f8e04e160 nmethod 9040 0x0000022f922e6410 code [0x0000022f922e6780, 0x0000022f922e8058]
Event: 307.692 Thread 0x0000022f8e04e160 9041       3       java.nio.Bits::tryReserveMemory (52 bytes)
Event: 307.692 Thread 0x0000022f8e04e160 nmethod 9041 0x0000022f922e8a10 code [0x0000022f922e8c00, 0x0000022f922e8f28]
Event: 307.703 Thread 0x0000022f8e04e160 9042       3       org.eclipse.core.internal.runtime.PlatformLogWriter::isLoggable (19 bytes)
Event: 307.704 Thread 0x0000022f8e04e160 nmethod 9042 0x0000022f922e9090 code [0x0000022f922e9260, 0x0000022f922e9718]
Event: 307.709 Thread 0x0000022f8e01dad0 9043       4       java.util.concurrent.locks.ReentrantReadWriteLock$Sync::tryAcquireShared (177 bytes)
Event: 307.713 Thread 0x0000022f8e04e160 9046       3       jdk.internal.misc.Unsafe::loadFence (5 bytes)
Event: 307.713 Thread 0x0000022f8e04e160 nmethod 9046 0x0000022f922e9890 code [0x0000022f922e9a20, 0x0000022f922e9b40]
Event: 307.713 Thread 0x0000022f8e01dad0 nmethod 9043 0x0000022f99347e90 code [0x0000022f99348060, 0x0000022f99348318]
Event: 307.713 Thread 0x0000022f8e01dad0 9044       4       java.util.concurrent.locks.AbstractQueuedSynchronizer::acquireShared (20 bytes)
Event: 307.718 Thread 0x0000022f8e01dad0 nmethod 9044 0x0000022f99348590 code [0x0000022f99348760, 0x0000022f99348a90]
Event: 307.719 Thread 0x0000022f8e01dad0 9045       4       org.eclipse.osgi.internal.loader.BundleLoader::addExportedProvidersFor (167 bytes)
Event: 307.794 Thread 0x0000022f8e04e160 9047       3       java.util.regex.Pattern::group0 (1098 bytes)
Event: 307.798 Thread 0x0000022f8e04e160 nmethod 9047 0x0000022f922e9c10 code [0x0000022f922ea400, 0x0000022f922ee918]
Event: 308.021 Thread 0x0000022f8e04e160 9048       3       com.google.gson.internal.bind.TypeAdapterRuntimeTypeWrapper::write (80 bytes)
Event: 308.022 Thread 0x0000022f8e04e160 nmethod 9048 0x0000022f922f0310 code [0x0000022f922f0580, 0x0000022f922f13e0]
Event: 308.022 Thread 0x0000022f8e04e160 9049       3       com.google.gson.internal.bind.TypeAdapterRuntimeTypeWrapper::getRuntimeTypeIfMoreSpecific (25 bytes)
Event: 308.022 Thread 0x0000022f8e04e160 nmethod 9049 0x0000022f922f1790 code [0x0000022f922f1940, 0x0000022f922f1cf8]

GC Heap History (20 events):
Event: 239.072 GC heap before
{Heap before GC invocations=41 (full 3):
 PSYoungGen      total 19456K, used 19449K [0x00000000d5580000, 0x00000000d6c00000, 0x0000000100000000)
  eden space 18432K, 100% used [0x00000000d5580000,0x00000000d6780000,0x00000000d6780000)
  from space 1024K, 99% used [0x00000000d6a00000,0x00000000d6afe658,0x00000000d6b00000)
  to   space 1024K, 0% used [0x00000000d6b00000,0x00000000d6b00000,0x00000000d6c00000)
 ParOldGen       total 68608K, used 41419K [0x0000000080000000, 0x0000000084300000, 0x00000000d5580000)
  object space 68608K, 60% used [0x0000000080000000,0x0000000082872d90,0x0000000084300000)
 Metaspace       used 65617K, committed 66880K, reserved 1114112K
  class space    used 8204K, committed 8704K, reserved 1048576K
}
Event: 239.073 GC heap after
{Heap after GC invocations=41 (full 3):
 PSYoungGen      total 19456K, used 759K [0x00000000d5580000, 0x00000000d6c00000, 0x0000000100000000)
  eden space 18432K, 0% used [0x00000000d5580000,0x00000000d5580000,0x00000000d6780000)
  from space 1024K, 74% used [0x00000000d6b00000,0x00000000d6bbdcf8,0x00000000d6c00000)
  to   space 1024K, 0% used [0x00000000d6a00000,0x00000000d6a00000,0x00000000d6b00000)
 ParOldGen       total 68608K, used 41475K [0x0000000080000000, 0x0000000084300000, 0x00000000d5580000)
  object space 68608K, 60% used [0x0000000080000000,0x0000000082880d90,0x0000000084300000)
 Metaspace       used 65617K, committed 66880K, reserved 1114112K
  class space    used 8204K, committed 8704K, reserved 1048576K
}
Event: 239.203 GC heap before
{Heap before GC invocations=42 (full 3):
 PSYoungGen      total 19456K, used 19191K [0x00000000d5580000, 0x00000000d6c00000, 0x0000000100000000)
  eden space 18432K, 100% used [0x00000000d5580000,0x00000000d6780000,0x00000000d6780000)
  from space 1024K, 74% used [0x00000000d6b00000,0x00000000d6bbdcf8,0x00000000d6c00000)
  to   space 1024K, 0% used [0x00000000d6a00000,0x00000000d6a00000,0x00000000d6b00000)
 ParOldGen       total 68608K, used 41475K [0x0000000080000000, 0x0000000084300000, 0x00000000d5580000)
  object space 68608K, 60% used [0x0000000080000000,0x0000000082880d90,0x0000000084300000)
 Metaspace       used 65618K, committed 66880K, reserved 1114112K
  class space    used 8204K, committed 8704K, reserved 1048576K
}
Event: 239.203 GC heap after
{Heap after GC invocations=42 (full 3):
 PSYoungGen      total 19456K, used 192K [0x00000000d5580000, 0x00000000d6b80000, 0x0000000100000000)
  eden space 18432K, 0% used [0x00000000d5580000,0x00000000d5580000,0x00000000d6780000)
  from space 1024K, 18% used [0x00000000d6a00000,0x00000000d6a30000,0x00000000d6b00000)
  to   space 512K, 0% used [0x00000000d6b00000,0x00000000d6b00000,0x00000000d6b80000)
 ParOldGen       total 68608K, used 41499K [0x0000000080000000, 0x0000000084300000, 0x00000000d5580000)
  object space 68608K, 60% used [0x0000000080000000,0x0000000082886d90,0x0000000084300000)
 Metaspace       used 65618K, committed 66880K, reserved 1114112K
  class space    used 8204K, committed 8704K, reserved 1048576K
}
Event: 239.309 GC heap before
{Heap before GC invocations=43 (full 3):
 PSYoungGen      total 19456K, used 18624K [0x00000000d5580000, 0x00000000d6b80000, 0x0000000100000000)
  eden space 18432K, 100% used [0x00000000d5580000,0x00000000d6780000,0x00000000d6780000)
  from space 1024K, 18% used [0x00000000d6a00000,0x00000000d6a30000,0x00000000d6b00000)
  to   space 512K, 0% used [0x00000000d6b00000,0x00000000d6b00000,0x00000000d6b80000)
 ParOldGen       total 68608K, used 41499K [0x0000000080000000, 0x0000000084300000, 0x00000000d5580000)
  object space 68608K, 60% used [0x0000000080000000,0x0000000082886d90,0x0000000084300000)
 Metaspace       used 65618K, committed 66880K, reserved 1114112K
  class space    used 8204K, committed 8704K, reserved 1048576K
}
Event: 239.310 GC heap after
{Heap after GC invocations=43 (full 3):
 PSYoungGen      total 18944K, used 506K [0x00000000d5580000, 0x00000000d6b80000, 0x0000000100000000)
  eden space 18432K, 0% used [0x00000000d5580000,0x00000000d5580000,0x00000000d6780000)
  from space 512K, 98% used [0x00000000d6b00000,0x00000000d6b7ea18,0x00000000d6b80000)
  to   space 1024K, 0% used [0x00000000d6980000,0x00000000d6980000,0x00000000d6a80000)
 ParOldGen       total 68608K, used 41691K [0x0000000080000000, 0x0000000084300000, 0x00000000d5580000)
  object space 68608K, 60% used [0x0000000080000000,0x00000000828b6c68,0x0000000084300000)
 Metaspace       used 65618K, committed 66880K, reserved 1114112K
  class space    used 8204K, committed 8704K, reserved 1048576K
}
Event: 239.562 GC heap before
{Heap before GC invocations=44 (full 3):
 PSYoungGen      total 18944K, used 18938K [0x00000000d5580000, 0x00000000d6b80000, 0x0000000100000000)
  eden space 18432K, 100% used [0x00000000d5580000,0x00000000d6780000,0x00000000d6780000)
  from space 512K, 98% used [0x00000000d6b00000,0x00000000d6b7ea18,0x00000000d6b80000)
  to   space 1024K, 0% used [0x00000000d6980000,0x00000000d6980000,0x00000000d6a80000)
 ParOldGen       total 68608K, used 41691K [0x0000000080000000, 0x0000000084300000, 0x00000000d5580000)
  object space 68608K, 60% used [0x0000000080000000,0x00000000828b6c68,0x0000000084300000)
 Metaspace       used 65618K, committed 66880K, reserved 1114112K
  class space    used 8204K, committed 8704K, reserved 1048576K
}
Event: 239.563 GC heap after
{Heap after GC invocations=44 (full 3):
 PSYoungGen      total 19456K, used 1012K [0x00000000d5580000, 0x00000000d6b80000, 0x0000000100000000)
  eden space 18432K, 0% used [0x00000000d5580000,0x00000000d5580000,0x00000000d6780000)
  from space 1024K, 98% used [0x00000000d6980000,0x00000000d6a7d108,0x00000000d6a80000)
  to   space 1024K, 0% used [0x00000000d6a80000,0x00000000d6a80000,0x00000000d6b80000)
 ParOldGen       total 68608K, used 41851K [0x0000000080000000, 0x0000000084300000, 0x00000000d5580000)
  object space 68608K, 61% used [0x0000000080000000,0x00000000828ded40,0x0000000084300000)
 Metaspace       used 65618K, committed 66880K, reserved 1114112K
  class space    used 8204K, committed 8704K, reserved 1048576K
}
Event: 239.690 GC heap before
{Heap before GC invocations=45 (full 3):
 PSYoungGen      total 19456K, used 19444K [0x00000000d5580000, 0x00000000d6b80000, 0x0000000100000000)
  eden space 18432K, 100% used [0x00000000d5580000,0x00000000d6780000,0x00000000d6780000)
  from space 1024K, 98% used [0x00000000d6980000,0x00000000d6a7d108,0x00000000d6a80000)
  to   space 1024K, 0% used [0x00000000d6a80000,0x00000000d6a80000,0x00000000d6b80000)
 ParOldGen       total 68608K, used 41851K [0x0000000080000000, 0x0000000084300000, 0x00000000d5580000)
  object space 68608K, 61% used [0x0000000080000000,0x00000000828ded40,0x0000000084300000)
 Metaspace       used 65618K, committed 66880K, reserved 1114112K
  class space    used 8204K, committed 8704K, reserved 1048576K
}
Event: 239.691 GC heap after
{Heap after GC invocations=45 (full 3):
 PSYoungGen      total 19456K, used 841K [0x00000000d5580000, 0x00000000d6b80000, 0x0000000100000000)
  eden space 18432K, 0% used [0x00000000d5580000,0x00000000d5580000,0x00000000d6780000)
  from space 1024K, 82% used [0x00000000d6a80000,0x00000000d6b52478,0x00000000d6b80000)
  to   space 1024K, 0% used [0x00000000d6980000,0x00000000d6980000,0x00000000d6a80000)
 ParOldGen       total 68608K, used 41907K [0x0000000080000000, 0x0000000084300000, 0x00000000d5580000)
  object space 68608K, 61% used [0x0000000080000000,0x00000000828ecd40,0x0000000084300000)
 Metaspace       used 65618K, committed 66880K, reserved 1114112K
  class space    used 8204K, committed 8704K, reserved 1048576K
}
Event: 239.912 GC heap before
{Heap before GC invocations=46 (full 3):
 PSYoungGen      total 19456K, used 19273K [0x00000000d5580000, 0x00000000d6b80000, 0x0000000100000000)
  eden space 18432K, 100% used [0x00000000d5580000,0x00000000d6780000,0x00000000d6780000)
  from space 1024K, 82% used [0x00000000d6a80000,0x00000000d6b52478,0x00000000d6b80000)
  to   space 1024K, 0% used [0x00000000d6980000,0x00000000d6980000,0x00000000d6a80000)
 ParOldGen       total 68608K, used 41907K [0x0000000080000000, 0x0000000084300000, 0x00000000d5580000)
  object space 68608K, 61% used [0x0000000080000000,0x00000000828ecd40,0x0000000084300000)
 Metaspace       used 66258K, committed 67648K, reserved 1114112K
  class space    used 8307K, committed 8896K, reserved 1048576K
}
Event: 239.913 GC heap after
{Heap after GC invocations=46 (full 3):
 PSYoungGen      total 19456K, used 256K [0x00000000d5580000, 0x00000000d6b00000, 0x0000000100000000)
  eden space 18432K, 0% used [0x00000000d5580000,0x00000000d5580000,0x00000000d6780000)
  from space 1024K, 25% used [0x00000000d6980000,0x00000000d69c0000,0x00000000d6a80000)
  to   space 512K, 0% used [0x00000000d6a80000,0x00000000d6a80000,0x00000000d6b00000)
 ParOldGen       total 68608K, used 41923K [0x0000000080000000, 0x0000000084300000, 0x00000000d5580000)
  object space 68608K, 61% used [0x0000000080000000,0x00000000828f0d40,0x0000000084300000)
 Metaspace       used 66258K, committed 67648K, reserved 1114112K
  class space    used 8307K, committed 8896K, reserved 1048576K
}
Event: 298.913 GC heap before
{Heap before GC invocations=47 (full 3):
 PSYoungGen      total 19456K, used 18688K [0x00000000d5580000, 0x00000000d6b00000, 0x0000000100000000)
  eden space 18432K, 100% used [0x00000000d5580000,0x00000000d6780000,0x00000000d6780000)
  from space 1024K, 25% used [0x00000000d6980000,0x00000000d69c0000,0x00000000d6a80000)
  to   space 512K, 0% used [0x00000000d6a80000,0x00000000d6a80000,0x00000000d6b00000)
 ParOldGen       total 68608K, used 41923K [0x0000000080000000, 0x0000000084300000, 0x00000000d5580000)
  object space 68608K, 61% used [0x0000000080000000,0x00000000828f0d40,0x0000000084300000)
 Metaspace       used 67283K, committed 68608K, reserved 1114112K
  class space    used 8406K, committed 8960K, reserved 1048576K
}
Event: 298.914 GC heap after
{Heap after GC invocations=47 (full 3):
 PSYoungGen      total 18944K, used 384K [0x00000000d5580000, 0x00000000d6b00000, 0x0000000100000000)
  eden space 18432K, 0% used [0x00000000d5580000,0x00000000d5580000,0x00000000d6780000)
  from space 512K, 75% used [0x00000000d6a80000,0x00000000d6ae0000,0x00000000d6b00000)
  to   space 512K, 0% used [0x00000000d6a00000,0x00000000d6a00000,0x00000000d6a80000)
 ParOldGen       total 68608K, used 42099K [0x0000000080000000, 0x0000000084300000, 0x00000000d5580000)
  object space 68608K, 61% used [0x0000000080000000,0x000000008291cd40,0x0000000084300000)
 Metaspace       used 67283K, committed 68608K, reserved 1114112K
  class space    used 8406K, committed 8960K, reserved 1048576K
}
Event: 301.302 GC heap before
{Heap before GC invocations=48 (full 3):
 PSYoungGen      total 18944K, used 18796K [0x00000000d5580000, 0x00000000d6b00000, 0x0000000100000000)
  eden space 18432K, 99% used [0x00000000d5580000,0x00000000d677b1c8,0x00000000d6780000)
  from space 512K, 75% used [0x00000000d6a80000,0x00000000d6ae0000,0x00000000d6b00000)
  to   space 512K, 0% used [0x00000000d6a00000,0x00000000d6a00000,0x00000000d6a80000)
 ParOldGen       total 68608K, used 42099K [0x0000000080000000, 0x0000000084300000, 0x00000000d5580000)
  object space 68608K, 61% used [0x0000000080000000,0x000000008291cd40,0x0000000084300000)
 Metaspace       used 68035K, committed 69376K, reserved 1114112K
  class space    used 8526K, committed 9088K, reserved 1048576K
}
Event: 301.304 GC heap after
{Heap after GC invocations=48 (full 3):
 PSYoungGen      total 18944K, used 504K [0x00000000d5580000, 0x00000000d6b00000, 0x0000000100000000)
  eden space 18432K, 0% used [0x00000000d5580000,0x00000000d5580000,0x00000000d6780000)
  from space 512K, 98% used [0x00000000d6a00000,0x00000000d6a7e020,0x00000000d6a80000)
  to   space 512K, 0% used [0x00000000d6a80000,0x00000000d6a80000,0x00000000d6b00000)
 ParOldGen       total 68608K, used 42675K [0x0000000080000000, 0x0000000084300000, 0x00000000d5580000)
  object space 68608K, 62% used [0x0000000080000000,0x00000000829ace80,0x0000000084300000)
 Metaspace       used 68035K, committed 69376K, reserved 1114112K
  class space    used 8526K, committed 9088K, reserved 1048576K
}
Event: 302.643 GC heap before
{Heap before GC invocations=49 (full 3):
 PSYoungGen      total 18944K, used 18936K [0x00000000d5580000, 0x00000000d6b00000, 0x0000000100000000)
  eden space 18432K, 100% used [0x00000000d5580000,0x00000000d6780000,0x00000000d6780000)
  from space 512K, 98% used [0x00000000d6a00000,0x00000000d6a7e020,0x00000000d6a80000)
  to   space 512K, 0% used [0x00000000d6a80000,0x00000000d6a80000,0x00000000d6b00000)
 ParOldGen       total 68608K, used 42675K [0x0000000080000000, 0x0000000084300000, 0x00000000d5580000)
  object space 68608K, 62% used [0x0000000080000000,0x00000000829ace80,0x0000000084300000)
 Metaspace       used 68157K, committed 69504K, reserved 1114112K
  class space    used 8541K, committed 9088K, reserved 1048576K
}
Event: 302.644 GC heap after
{Heap after GC invocations=49 (full 3):
 PSYoungGen      total 18944K, used 432K [0x00000000d5580000, 0x00000000d6b00000, 0x0000000100000000)
  eden space 18432K, 0% used [0x00000000d5580000,0x00000000d5580000,0x00000000d6780000)
  from space 512K, 84% used [0x00000000d6a80000,0x00000000d6aec010,0x00000000d6b00000)
  to   space 1024K, 0% used [0x00000000d6900000,0x00000000d6900000,0x00000000d6a00000)
 ParOldGen       total 68608K, used 43107K [0x0000000080000000, 0x0000000084300000, 0x00000000d5580000)
  object space 68608K, 62% used [0x0000000080000000,0x0000000082a18e90,0x0000000084300000)
 Metaspace       used 68157K, committed 69504K, reserved 1114112K
  class space    used 8541K, committed 9088K, reserved 1048576K
}
Event: 307.518 GC heap before
{Heap before GC invocations=50 (full 3):
 PSYoungGen      total 18944K, used 18864K [0x00000000d5580000, 0x00000000d6b00000, 0x0000000100000000)
  eden space 18432K, 100% used [0x00000000d5580000,0x00000000d6780000,0x00000000d6780000)
  from space 512K, 84% used [0x00000000d6a80000,0x00000000d6aec010,0x00000000d6b00000)
  to   space 1024K, 0% used [0x00000000d6900000,0x00000000d6900000,0x00000000d6a00000)
 ParOldGen       total 68608K, used 43107K [0x0000000080000000, 0x0000000084300000, 0x00000000d5580000)
  object space 68608K, 62% used [0x0000000080000000,0x0000000082a18e90,0x0000000084300000)
 Metaspace       used 68725K, committed 70144K, reserved 1114112K
  class space    used 8605K, committed 9216K, reserved 1048576K
}
Event: 307.519 GC heap after
{Heap after GC invocations=50 (full 3):
 PSYoungGen      total 19456K, used 600K [0x00000000d5580000, 0x00000000d6b00000, 0x0000000100000000)
  eden space 18432K, 0% used [0x00000000d5580000,0x00000000d5580000,0x00000000d6780000)
  from space 1024K, 58% used [0x00000000d6900000,0x00000000d69961a8,0x00000000d6a00000)
  to   space 1024K, 0% used [0x00000000d6a00000,0x00000000d6a00000,0x00000000d6b00000)
 ParOldGen       total 68608K, used 43243K [0x0000000080000000, 0x0000000084300000, 0x00000000d5580000)
  object space 68608K, 63% used [0x0000000080000000,0x0000000082a3ae90,0x0000000084300000)
 Metaspace       used 68725K, committed 70144K, reserved 1114112K
  class space    used 8605K, committed 9216K, reserved 1048576K
}

Dll operation events (15 events):
Event: 0.022 Loaded shared library c:\Users\HP\.antigravity\extensions\redhat.java-1.53.0-win32-x64\jre\21.0.10-win32-x86_64\bin\java.dll
Event: 0.126 Loaded shared library c:\Users\HP\.antigravity\extensions\redhat.java-1.53.0-win32-x64\jre\21.0.10-win32-x86_64\bin\zip.dll
Event: 0.144 Loaded shared library C:\Users\HP\.antigravity\extensions\redhat.java-1.53.0-win32-x64\jre\21.0.10-win32-x86_64\bin\instrument.dll
Event: 0.150 Loaded shared library C:\Users\HP\.antigravity\extensions\redhat.java-1.53.0-win32-x64\jre\21.0.10-win32-x86_64\bin\net.dll
Event: 0.152 Loaded shared library C:\Users\HP\.antigravity\extensions\redhat.java-1.53.0-win32-x64\jre\21.0.10-win32-x86_64\bin\nio.dll
Event: 0.158 Loaded shared library C:\Users\HP\.antigravity\extensions\redhat.java-1.53.0-win32-x64\jre\21.0.10-win32-x86_64\bin\zip.dll
Event: 0.176 Loaded shared library C:\Users\HP\.antigravity\extensions\redhat.java-1.53.0-win32-x64\jre\21.0.10-win32-x86_64\bin\jimage.dll
Event: 0.260 Loaded shared library c:\Users\HP\.antigravity\extensions\redhat.java-1.53.0-win32-x64\jre\21.0.10-win32-x86_64\bin\verify.dll
Event: 60.172 Loaded shared library C:\Users\HP\AppData\Roaming\Antigravity\User\globalStorage\redhat.java\1.53.0\config_win\org.eclipse.equinox.launcher\org.eclipse.equinox.launcher.win32.win32.x86_64_1.3.0.v20260203-2149\eclipse_11919.dll
Event: 109.487 Loaded shared library C:\Users\HP\AppData\Local\Temp\jna-2312\jna1587562867790113422.dll
Event: 111.539 Loaded shared library C:\Users\HP\.antigravity\extensions\redhat.java-1.53.0-win32-x64\jre\21.0.10-win32-x86_64\bin\sunmscapi.dll
Event: 112.353 Loaded shared library C:\Users\HP\.antigravity\extensions\redhat.java-1.53.0-win32-x64\jre\21.0.10-win32-x86_64\bin\extnet.dll
Event: 191.605 Loaded shared library C:\Users\HP\.gradle\native\c067742578af261105cb4f569cf0c3c89f3d7b1fecec35dd04571415982c5e48\windows-amd64\native-platform.dll
Event: 233.677 Loaded shared library C:\Users\HP\.antigravity\extensions\redhat.java-1.53.0-win32-x64\jre\21.0.10-win32-x86_64\bin\management.dll
Event: 233.691 Loaded shared library C:\Users\HP\.antigravity\extensions\redhat.java-1.53.0-win32-x64\jre\21.0.10-win32-x86_64\bin\management_ext.dll

Deoptimization events (20 events):
Event: 307.672 Thread 0x0000022ff016edb0 Uncommon trap: trap_request=0xffffff45 fr.pc=0x0000022f98e661b4 relative=0x0000000000000b94
Event: 307.672 Thread 0x0000022ff016edb0 Uncommon trap: reason=unstable_if action=reinterpret pc=0x0000022f98e661b4 method=java.util.concurrent.ConcurrentHashMap.addCount(JI)V @ 34 c2
Event: 307.672 Thread 0x0000022ff016edb0 DEOPT PACKING pc=0x0000022f98e661b4 sp=0x000000b104cfd6c0
Event: 307.672 Thread 0x0000022ff016edb0 DEOPT UNPACKING pc=0x0000022f98823aa2 sp=0x000000b104cfd580 mode 2
Event: 307.672 Thread 0x0000022feef90130 Uncommon trap: trap_request=0xffffff45 fr.pc=0x0000022f99038ae4 relative=0x0000000000005e84
Event: 307.672 Thread 0x0000022feef90130 Uncommon trap: reason=unstable_if action=reinterpret pc=0x0000022f99038ae4 method=java.util.concurrent.locks.ReentrantReadWriteLock$Sync.tryReleaseShared(I)Z @ 129 c2
Event: 307.673 Thread 0x0000022feef90130 DEOPT PACKING pc=0x0000022f99038ae4 sp=0x000000b104efda10
Event: 307.673 Thread 0x0000022feef90130 DEOPT UNPACKING pc=0x0000022f98823aa2 sp=0x000000b104efd6e8 mode 2
Event: 307.676 Thread 0x0000022fec45a0d0 Uncommon trap: trap_request=0xffffff45 fr.pc=0x0000022f98e46288 relative=0x0000000000000148
Event: 307.676 Thread 0x0000022fec45a0d0 Uncommon trap: reason=unstable_if action=reinterpret pc=0x0000022f98e46288 method=java.util.concurrent.ConcurrentHashMap.addCount(JI)V @ 7 c2
Event: 307.676 Thread 0x0000022fec45a0d0 DEOPT PACKING pc=0x0000022f98e46288 sp=0x000000b104afd910
Event: 307.676 Thread 0x0000022fec45a0d0 DEOPT UNPACKING pc=0x0000022f98823aa2 sp=0x000000b104afd870 mode 2
Event: 307.685 Thread 0x0000022fe7cff880 Uncommon trap: trap_request=0xffffff45 fr.pc=0x0000022f98f687fc relative=0x000000000000071c
Event: 307.685 Thread 0x0000022fe7cff880 Uncommon trap: reason=unstable_if action=reinterpret pc=0x0000022f98f687fc method=org.eclipse.osgi.internal.framework.BundleContextImpl.setContextFinder()Ljava/lang/Object; @ 36 c2
Event: 307.685 Thread 0x0000022fe7cff880 DEOPT PACKING pc=0x0000022f98f687fc sp=0x000000b104dfe160
Event: 307.685 Thread 0x0000022fe7cff880 DEOPT UNPACKING pc=0x0000022f98823aa2 sp=0x000000b104dfe088 mode 2
Event: 307.691 Thread 0x0000022fe7cff880 Uncommon trap: trap_request=0xffffff45 fr.pc=0x0000022f9922f998 relative=0x00000000000001d8
Event: 307.691 Thread 0x0000022fe7cff880 Uncommon trap: reason=unstable_if action=reinterpret pc=0x0000022f9922f998 method=java.net.URI.decode(Ljava/lang/String;Z)Ljava/lang/String; @ 23 c2
Event: 307.691 Thread 0x0000022fe7cff880 DEOPT PACKING pc=0x0000022f9922f998 sp=0x000000b104dfeab0
Event: 307.691 Thread 0x0000022fe7cff880 DEOPT UNPACKING pc=0x0000022f98823aa2 sp=0x000000b104dfea08 mode 2

Classes loaded (20 events):
Event: 301.288 Loading class sun/misc/SharedSecrets
Event: 301.289 Loading class sun/misc/SharedSecrets done
Event: 301.289 Loading class java/lang/Throwable$WrappedPrintWriter
Event: 301.289 Loading class java/lang/Throwable$WrappedPrintWriter done
Event: 301.493 Loading class java/security/DigestInputStream
Event: 301.493 Loading class java/security/DigestInputStream done
Event: 305.068 Loading class java/util/Collections$SynchronizedRandomAccessList
Event: 305.068 Loading class java/util/Collections$SynchronizedList
Event: 305.069 Loading class java/util/Collections$SynchronizedList done
Event: 305.069 Loading class java/util/Collections$SynchronizedRandomAccessList done
Event: 305.092 Loading class java/util/concurrent/CompletableFuture$Signaller
Event: 305.093 Loading class java/util/concurrent/CompletableFuture$Signaller done
Event: 307.660 Loading class java/util/concurrent/CompletableFuture$UniApply
Event: 307.660 Loading class java/util/concurrent/CompletableFuture$UniCompletion
Event: 307.660 Loading class java/util/concurrent/CompletableFuture$UniCompletion done
Event: 307.660 Loading class java/util/concurrent/CompletableFuture$UniApply done
Event: 307.661 Loading class java/util/concurrent/CompletableFuture$UniAccept
Event: 307.661 Loading class java/util/concurrent/CompletableFuture$UniAccept done
Event: 307.661 Loading class java/util/concurrent/CompletableFuture$UniExceptionally
Event: 307.661 Loading class java/util/concurrent/CompletableFuture$UniExceptionally done

Classes unloaded (20 events):
Event: 110.191 Thread 0x0000022f8e13f790 Unloading class 0x0000022fa61aa800 'java/lang/invoke/LambdaForm$MH+0x0000022fa61aa800'
Event: 110.191 Thread 0x0000022f8e13f790 Unloading class 0x0000022fa61aa400 'java/lang/invoke/LambdaForm$MH+0x0000022fa61aa400'
Event: 110.191 Thread 0x0000022f8e13f790 Unloading class 0x0000022fa61aa000 'java/lang/invoke/LambdaForm$MH+0x0000022fa61aa000'
Event: 110.191 Thread 0x0000022f8e13f790 Unloading class 0x0000022fa61a9c00 'java/lang/invoke/LambdaForm$MH+0x0000022fa61a9c00'
Event: 110.191 Thread 0x0000022f8e13f790 Unloading class 0x0000022fa61a9800 'java/lang/invoke/LambdaForm$BMH+0x0000022fa61a9800'
Event: 110.191 Thread 0x0000022f8e13f790 Unloading class 0x0000022fa61a9400 'java/lang/invoke/LambdaForm$DMH+0x0000022fa61a9400'
Event: 110.191 Thread 0x0000022f8e13f790 Unloading class 0x0000022fa61a8000 'java/lang/invoke/LambdaForm$DMH+0x0000022fa61a8000'
Event: 111.711 Thread 0x0000022f8e13f790 Unloading class 0x0000022fa6331c00 'java/lang/invoke/LambdaForm$MH+0x0000022fa6331c00'
Event: 111.711 Thread 0x0000022f8e13f790 Unloading class 0x0000022fa6331000 'java/lang/invoke/LambdaForm$MH+0x0000022fa6331000'
Event: 111.711 Thread 0x0000022f8e13f790 Unloading class 0x0000022fa6330800 'java/lang/invoke/LambdaForm$MH+0x0000022fa6330800'
Event: 111.711 Thread 0x0000022f8e13f790 Unloading class 0x0000022fa6330000 'java/lang/invoke/LambdaForm$MH+0x0000022fa6330000'
Event: 111.711 Thread 0x0000022f8e13f790 Unloading class 0x0000022fa632fc00 'java/lang/invoke/LambdaForm$DMH+0x0000022fa632fc00'
Event: 111.711 Thread 0x0000022f8e13f790 Unloading class 0x0000022fa632f000 'java/lang/invoke/LambdaForm$MH+0x0000022fa632f000'
Event: 111.711 Thread 0x0000022f8e13f790 Unloading class 0x0000022fa632b800 'java/lang/invoke/LambdaForm$MH+0x0000022fa632b800'
Event: 111.711 Thread 0x0000022f8e13f790 Unloading class 0x0000022fa632b000 'java/lang/invoke/LambdaForm$MH+0x0000022fa632b000'
Event: 111.711 Thread 0x0000022f8e13f790 Unloading class 0x0000022fa632a800 'java/lang/invoke/LambdaForm$MH+0x0000022fa632a800'
Event: 111.711 Thread 0x0000022f8e13f790 Unloading class 0x0000022fa632a400 'java/lang/invoke/LambdaForm$MH+0x0000022fa632a400'
Event: 111.711 Thread 0x0000022f8e13f790 Unloading class 0x0000022fa6329800 'java/lang/invoke/LambdaForm$MH+0x0000022fa6329800'
Event: 111.711 Thread 0x0000022f8e13f790 Unloading class 0x0000022fa6329400 'java/lang/invoke/LambdaForm$MH+0x0000022fa6329400'
Event: 111.711 Thread 0x0000022f8e13f790 Unloading class 0x0000022fa6328c00 'java/lang/invoke/LambdaForm$MH+0x0000022fa6328c00'

Classes redefined (0 events):
No events

Internal exceptions (20 events):
Event: 301.289 Thread 0x0000022fec45a760 Exception <a 'java/lang/ClassNotFoundException'{0x00000000d6612d98}: sun/misc/SharedSecrets> (0x00000000d6612d98) 
thrown [s\src\hotspot\share\classfile\systemDictionary.cpp, line 312]
Event: 301.291 Thread 0x0000022fec45a760 Exception <a 'java/lang/NoSuchMethodError'{0x00000000d66970d0}: 'void java.lang.invoke.DirectMethodHandle$Holder.invokeStatic(java.lang.Object, int, java.lang.Object)'> (0x00000000d66970d0) 
thrown [s\src\hotspot\share\interpreter\linkResolver.cpp, line 773]
Event: 301.293 Thread 0x0000022fec45a760 Exception <a 'java/lang/NoSuchMethodError'{0x00000000d66c2fb0}: 'void java.lang.invoke.DirectMethodHandle$Holder.invokeSpecialIFC(java.lang.Object, java.lang.Object, java.lang.Object, java.lang.Object)'> (0x00000000d66c2fb0) 
thrown [s\src\hotspot\share\interpreter\linkResolver.cpp, line 773]
Event: 302.656 Thread 0x0000022ff016bfc0 Implicit null exception at 0x0000022f9930acb6 to 0x0000022f9930c7ac
Event: 302.670 Thread 0x0000022ff016bfc0 Exception <a 'java/lang/NoSuchMethodError'{0x00000000d56711d8}: static Lorg/gradle/internal/exceptions/ContextAwareException;.<clinit>()V> (0x00000000d56711d8) 
thrown [s\src\hotspot\share\prims\jni.cpp, line 1111]
Event: 302.670 Thread 0x0000022ff016bfc0 Exception <a 'java/lang/NoSuchMethodError'{0x00000000d5673808}: static Lorg/gradle/internal/exceptions/LocationAwareException;.<clinit>()V> (0x00000000d5673808) 
thrown [s\src\hotspot\share\prims\jni.cpp, line 1111]
Event: 307.491 Thread 0x0000022fe7d00c30 Implicit null exception at 0x0000022f991a9680 to 0x0000022f991a9a84
Event: 307.491 Thread 0x0000022fe7d00c30 Exception <a 'sun/nio/fs/WindowsException'{0x00000000d659b078}> (0x00000000d659b078) 
thrown [s\src\hotspot\share\prims\jni.cpp, line 520]
Event: 307.491 Thread 0x0000022fe7d00c30 Exception <a 'sun/nio/fs/WindowsException'{0x00000000d659b6c8}> (0x00000000d659b6c8) 
thrown [s\src\hotspot\share\prims\jni.cpp, line 520]
Event: 307.492 Thread 0x0000022fe7d00c30 Exception <a 'sun/nio/fs/WindowsException'{0x00000000d659ed78}> (0x00000000d659ed78) 
thrown [s\src\hotspot\share\prims\jni.cpp, line 520]
Event: 307.492 Thread 0x0000022fe7d00c30 Exception <a 'sun/nio/fs/WindowsException'{0x00000000d659f610}> (0x00000000d659f610) 
thrown [s\src\hotspot\share\prims\jni.cpp, line 520]
Event: 307.512 Thread 0x0000022fe7d00c30 Exception <a 'sun/nio/fs/WindowsException'{0x00000000d674b9b0}> (0x00000000d674b9b0) 
thrown [s\src\hotspot\share\prims\jni.cpp, line 520]
Event: 307.512 Thread 0x0000022fe7d00c30 Exception <a 'sun/nio/fs/WindowsException'{0x00000000d674c290}> (0x00000000d674c290) 
thrown [s\src\hotspot\share\prims\jni.cpp, line 520]
Event: 307.513 Thread 0x0000022fe7d00c30 Exception <a 'sun/nio/fs/WindowsException'{0x00000000d6756f28}> (0x00000000d6756f28) 
thrown [s\src\hotspot\share\prims\jni.cpp, line 520]
Event: 307.513 Thread 0x0000022fe7d00c30 Exception <a 'sun/nio/fs/WindowsException'{0x00000000d6757aa8}> (0x00000000d6757aa8) 
thrown [s\src\hotspot\share\prims\jni.cpp, line 520]
Event: 307.517 Thread 0x0000022fe7d00c30 Exception <a 'sun/nio/fs/WindowsException'{0x00000000d677bca8}> (0x00000000d677bca8) 
thrown [s\src\hotspot\share\prims\jni.cpp, line 520]
Event: 307.517 Thread 0x0000022fe7d00c30 Exception <a 'sun/nio/fs/WindowsException'{0x00000000d677c2d8}> (0x00000000d677c2d8) 
thrown [s\src\hotspot\share\prims\jni.cpp, line 520]
Event: 307.518 Thread 0x0000022fe7d00c30 Exception <a 'sun/nio/fs/WindowsException'{0x00000000d677d0a8}> (0x00000000d677d0a8) 
thrown [s\src\hotspot\share\prims\jni.cpp, line 520]
Event: 307.518 Thread 0x0000022fe7d00c30 Exception <a 'sun/nio/fs/WindowsException'{0x00000000d677d6d8}> (0x00000000d677d6d8) 
thrown [s\src\hotspot\share\prims\jni.cpp, line 520]
Event: 307.654 Thread 0x0000022fe7d00c30 Exception <a 'java/lang/IncompatibleClassChangeError'{0x00000000d5b08060}: Found class java.lang.Object, but interface was expected> (0x00000000d5b08060) 
thrown [s\src\hotspot\share\interpreter\linkResolver.cpp, line 840]

ZGC Phase Switch (0 events):
No events

VM Operations (20 events):
Event: 301.302 Executing safepoint VM operation: ParallelGCFailedAllocation (Allocation Failure)
Event: 301.304 Executing safepoint VM operation: ParallelGCFailedAllocation (Allocation Failure) done
Event: 302.305 Executing safepoint VM operation: Cleanup
Event: 302.305 Executing safepoint VM operation: Cleanup done
Event: 302.643 Executing safepoint VM operation: ParallelGCFailedAllocation (Allocation Failure)
Event: 302.644 Executing safepoint VM operation: ParallelGCFailedAllocation (Allocation Failure) done
Event: 303.645 Executing safepoint VM operation: Cleanup
Event: 303.645 Executing safepoint VM operation: Cleanup done
Event: 305.059 Executing non-safepoint VM operation: HandshakeAllThreads (Deoptimize)
Event: 305.059 Executing non-safepoint VM operation: HandshakeAllThreads (Deoptimize) done
Event: 305.059 Executing safepoint VM operation: Cleanup
Event: 305.059 Executing safepoint VM operation: Cleanup done
Event: 305.061 Executing non-safepoint VM operation: HandshakeAllThreads (Deoptimize)
Event: 305.061 Executing non-safepoint VM operation: HandshakeAllThreads (Deoptimize) done
Event: 306.060 Executing safepoint VM operation: Cleanup
Event: 306.060 Executing safepoint VM operation: Cleanup done
Event: 307.061 Executing safepoint VM operation: Cleanup
Event: 307.061 Executing safepoint VM operation: Cleanup done
Event: 307.518 Executing safepoint VM operation: ParallelGCFailedAllocation (Allocation Failure)
Event: 307.519 Executing safepoint VM operation: ParallelGCFailedAllocation (Allocation Failure) done

Memory protections (0 events):
No events

Nmethod flushes (20 events):
Event: 234.844 Thread 0x0000022f8e13f790 flushing  nmethod 0x0000022f91ae8f90
Event: 234.844 Thread 0x0000022f8e13f790 flushing  nmethod 0x0000022f91b0e490
Event: 234.844 Thread 0x0000022f8e13f790 flushing  nmethod 0x0000022f91b10a90
Event: 234.844 Thread 0x0000022f8e13f790 flushing  nmethod 0x0000022f91b7d110
Event: 234.844 Thread 0x0000022f8e13f790 flushing  nmethod 0x0000022f91b7d710
Event: 234.844 Thread 0x0000022f8e13f790 flushing  nmethod 0x0000022f91b80c10
Event: 234.844 Thread 0x0000022f8e13f790 flushing  nmethod 0x0000022f91b95d90
Event: 234.844 Thread 0x0000022f8e13f790 flushing  nmethod 0x0000022f91b97110
Event: 234.844 Thread 0x0000022f8e13f790 flushing  nmethod 0x0000022f91b97990
Event: 234.844 Thread 0x0000022f8e13f790 flushing  nmethod 0x0000022f91b97f90
Event: 234.844 Thread 0x0000022f8e13f790 flushing  nmethod 0x0000022f91b98690
Event: 234.844 Thread 0x0000022f8e13f790 flushing  nmethod 0x0000022f91b98e10
Event: 234.844 Thread 0x0000022f8e13f790 flushing  nmethod 0x0000022f91b9a890
Event: 234.844 Thread 0x0000022f8e13f790 flushing  nmethod 0x0000022f91ba2890
Event: 234.844 Thread 0x0000022f8e13f790 flushing  nmethod 0x0000022f91bb6410
Event: 234.844 Thread 0x0000022f8e13f790 flushing  nmethod 0x0000022f91bce590
Event: 234.844 Thread 0x0000022f8e13f790 flushing  nmethod 0x0000022f91bfab90
Event: 234.844 Thread 0x0000022f8e13f790 flushing  nmethod 0x0000022f91bfe590
Event: 234.844 Thread 0x0000022f8e13f790 flushing  nmethod 0x0000022f91c10090
Event: 234.844 Thread 0x0000022f8e13f790 flushing  nmethod 0x0000022f91c39e10

Events (20 events):
Event: 305.218 Thread 0x0000022ff016c650 Thread added: 0x0000022ff016e090
Event: 305.219 Thread 0x0000022ff016da00 Thread exited: 0x0000022ff016da00
Event: 307.456 Thread 0x0000022ff016c650 Thread exited: 0x0000022ff016c650
Event: 307.456 Thread 0x0000022ff016e090 Thread exited: 0x0000022ff016e090
Event: 307.457 Thread 0x0000022ff016d370 Thread exited: 0x0000022ff016d370
Event: 307.458 Thread 0x0000022ff016f440 Thread exited: 0x0000022ff016f440
Event: 307.520 Thread 0x0000022fec45a760 Thread added: 0x0000022ff016d370
Event: 307.521 Thread 0x0000022fec45a760 Thread added: 0x0000022ff016f440
Event: 307.541 Thread 0x0000022fec45a760 Thread added: 0x0000022ff016e720
Event: 307.567 Thread 0x0000022ff016e720 Thread added: 0x0000022ff016da00
Event: 307.642 Thread 0x0000022ff016e720 Thread added: 0x0000022ff016e090
Event: 307.654 Thread 0x0000022ff016e090 Thread added: 0x0000022ff016edb0
Event: 307.654 Thread 0x0000022ff016e090 Thread added: 0x0000022fec45adf0
Event: 307.656 Thread 0x0000022ff016edb0 Thread exited: 0x0000022ff016edb0
Event: 307.661 Thread 0x0000022fe7d00c30 Thread added: 0x0000022fec45a0d0
Event: 307.662 Thread 0x0000022fe7d00c30 Thread added: 0x0000022ff016edb0
Event: 307.662 Thread 0x0000022fec45a0d0 Thread added: 0x0000022fe7cff880
Event: 307.666 Thread 0x0000022ff016edb0 Thread added: 0x0000022feef90130
Event: 307.669 Thread 0x0000022fe7cff880 Thread added: 0x0000022feef914e0
Event: 307.670 Thread 0x0000022feef90130 Thread added: 0x0000022feef8faa0


Dynamic libraries:
0x00007ff794b00000 - 0x00007ff794b0e000 	c:\Users\HP\.antigravity\extensions\redhat.java-1.53.0-win32-x64\jre\21.0.10-win32-x86_64\bin\java.exe
0x00007ffe6a540000 - 0x00007ffe6a7a8000 	C:\WINDOWS\SYSTEM32\ntdll.dll
0x00007ffe69230000 - 0x00007ffe692f9000 	C:\WINDOWS\System32\KERNEL32.DLL
0x00007ffe67ee0000 - 0x00007ffe682d1000 	C:\WINDOWS\System32\KERNELBASE.dll
0x00007ffe66eb0000 - 0x00007ffe66ffb000 	C:\WINDOWS\System32\ucrtbase.dll
0x00007ffe41390000 - 0x00007ffe413a8000 	c:\Users\HP\.antigravity\extensions\redhat.java-1.53.0-win32-x64\jre\21.0.10-win32-x86_64\bin\jli.dll
0x00007ffe68fe0000 - 0x00007ffe691a6000 	C:\WINDOWS\System32\USER32.dll
0x00007ffe670c0000 - 0x00007ffe670e7000 	C:\WINDOWS\System32\win32u.dll
0x00007ffe68b60000 - 0x00007ffe68b8b000 	C:\WINDOWS\System32\GDI32.dll
0x00007ffe67320000 - 0x00007ffe6744b000 	C:\WINDOWS\System32\gdi32full.dll
0x00007ffe67270000 - 0x00007ffe67313000 	C:\WINDOWS\System32\msvcp_win.dll
0x00007ffe3d4c0000 - 0x00007ffe3d4de000 	c:\Users\HP\.antigravity\extensions\redhat.java-1.53.0-win32-x64\jre\21.0.10-win32-x86_64\bin\VCRUNTIME140.dll
0x00007ffe44e70000 - 0x00007ffe45103000 	C:\WINDOWS\WinSxS\amd64_microsoft.windows.common-controls_6595b64144ccf1df_6.0.26100.7824_none_3e0870b2e3345462\COMCTL32.dll
0x00007ffe69380000 - 0x00007ffe69429000 	C:\WINDOWS\System32\msvcrt.dll
0x00007ffe699a0000 - 0x00007ffe699d1000 	C:\WINDOWS\System32\IMM32.DLL
0x00007ffe43a30000 - 0x00007ffe43a3c000 	c:\Users\HP\.antigravity\extensions\redhat.java-1.53.0-win32-x64\jre\21.0.10-win32-x86_64\bin\vcruntime140_1.dll
0x00007ffe2c820000 - 0x00007ffe2c8ad000 	c:\Users\HP\.antigravity\extensions\redhat.java-1.53.0-win32-x64\jre\21.0.10-win32-x86_64\bin\msvcp140.dll
0x00007ffdbd9f0000 - 0x00007ffdbe791000 	c:\Users\HP\.antigravity\extensions\redhat.java-1.53.0-win32-x64\jre\21.0.10-win32-x86_64\bin\server\jvm.dll
0x00007ffe6a140000 - 0x00007ffe6a1f4000 	C:\WINDOWS\System32\ADVAPI32.dll
0x00007ffe697f0000 - 0x00007ffe69896000 	C:\WINDOWS\System32\sechost.dll
0x00007ffe68c00000 - 0x00007ffe68d18000 	C:\WINDOWS\System32\RPCRT4.dll
0x00007ffe69300000 - 0x00007ffe69374000 	C:\WINDOWS\System32\WS2_32.dll
0x00007ffe66c80000 - 0x00007ffe66cde000 	C:\WINDOWS\SYSTEM32\POWRPROF.dll
0x00007ffe63d80000 - 0x00007ffe63db5000 	C:\WINDOWS\SYSTEM32\WINMM.dll
0x00007ffe52420000 - 0x00007ffe5242b000 	C:\WINDOWS\SYSTEM32\VERSION.dll
0x00007ffe66c60000 - 0x00007ffe66c74000 	C:\WINDOWS\SYSTEM32\UMPDC.dll
0x00007ffe65bc0000 - 0x00007ffe65bdb000 	C:\WINDOWS\SYSTEM32\kernel.appcore.dll
0x00007ffe414a0000 - 0x00007ffe414aa000 	c:\Users\HP\.antigravity\extensions\redhat.java-1.53.0-win32-x64\jre\21.0.10-win32-x86_64\bin\jimage.dll
0x00007ffe64c90000 - 0x00007ffe64ed2000 	C:\WINDOWS\SYSTEM32\DBGHELP.DLL
0x00007ffe69430000 - 0x00007ffe697b6000 	C:\WINDOWS\System32\combase.dll
0x00007ffe6a290000 - 0x00007ffe6a367000 	C:\WINDOWS\System32\OLEAUT32.dll
0x00007ffe44240000 - 0x00007ffe4427b000 	C:\WINDOWS\SYSTEM32\dbgcore.DLL
0x00007ffe675c0000 - 0x00007ffe67665000 	C:\WINDOWS\System32\bcryptPrimitives.dll
0x00007ffe3d5b0000 - 0x00007ffe3d5bf000 	c:\Users\HP\.antigravity\extensions\redhat.java-1.53.0-win32-x64\jre\21.0.10-win32-x86_64\bin\instrument.dll
0x00007ffe3d3a0000 - 0x00007ffe3d3c0000 	c:\Users\HP\.antigravity\extensions\redhat.java-1.53.0-win32-x64\jre\21.0.10-win32-x86_64\bin\java.dll
0x00007ffe699e0000 - 0x00007ffe6a132000 	C:\WINDOWS\System32\SHELL32.dll
0x00007ffe67450000 - 0x00007ffe675ba000 	C:\WINDOWS\System32\wintypes.dll
0x00007ffe67670000 - 0x00007ffe67ed3000 	C:\WINDOWS\System32\windows.storage.dll
0x00007ffe698a0000 - 0x00007ffe69996000 	C:\WINDOWS\System32\SHCORE.dll
0x00007ffe68910000 - 0x00007ffe68977000 	C:\WINDOWS\System32\shlwapi.dll
0x00007ffe66d40000 - 0x00007ffe66d69000 	C:\WINDOWS\SYSTEM32\profapi.dll
0x00007ffe3cf70000 - 0x00007ffe3cf88000 	c:\Users\HP\.antigravity\extensions\redhat.java-1.53.0-win32-x64\jre\21.0.10-win32-x86_64\bin\zip.dll
0x00007ffe40f20000 - 0x00007ffe40f30000 	C:\Users\HP\.antigravity\extensions\redhat.java-1.53.0-win32-x64\jre\21.0.10-win32-x86_64\bin\net.dll
0x00007ffe576a0000 - 0x00007ffe577c7000 	C:\WINDOWS\SYSTEM32\WINHTTP.dll
0x00007ffe66130000 - 0x00007ffe6619b000 	C:\WINDOWS\system32\mswsock.dll
0x00007ffe38e50000 - 0x00007ffe38e66000 	C:\Users\HP\.antigravity\extensions\redhat.java-1.53.0-win32-x64\jre\21.0.10-win32-x86_64\bin\nio.dll
0x00007ffe3d2c0000 - 0x00007ffe3d2d0000 	c:\Users\HP\.antigravity\extensions\redhat.java-1.53.0-win32-x64\jre\21.0.10-win32-x86_64\bin\verify.dll
0x00007ffe43900000 - 0x00007ffe43945000 	C:\Users\HP\AppData\Roaming\Antigravity\User\globalStorage\redhat.java\1.53.0\config_win\org.eclipse.equinox.launcher\org.eclipse.equinox.launcher.win32.win32.x86_64_1.3.0.v20260203-2149\eclipse_11919.dll
0x00007ffe682e0000 - 0x00007ffe68477000 	C:\WINDOWS\System32\ole32.dll
0x00007ffe66410000 - 0x00007ffe6642b000 	C:\WINDOWS\SYSTEM32\CRYPTSP.dll
0x00007ffe65b20000 - 0x00007ffe65b59000 	C:\WINDOWS\system32\rsaenh.dll
0x00007ffe661e0000 - 0x00007ffe6620b000 	C:\WINDOWS\SYSTEM32\USERENV.dll
0x00007ffe66d10000 - 0x00007ffe66d3a000 	C:\WINDOWS\SYSTEM32\bcrypt.dll
0x00007ffe66400000 - 0x00007ffe6640c000 	C:\WINDOWS\SYSTEM32\CRYPTBASE.dll
0x00007ffe65590000 - 0x00007ffe655c4000 	C:\WINDOWS\SYSTEM32\IPHLPAPI.DLL
0x00007ffe68e60000 - 0x00007ffe68e6a000 	C:\WINDOWS\System32\NSI.dll
0x00007ffe35cf0000 - 0x00007ffe35d39000 	C:\Users\HP\AppData\Local\Temp\jna-2312\jna1587562867790113422.dll
0x00007ffe68bf0000 - 0x00007ffe68bf8000 	C:\WINDOWS\System32\PSAPI.DLL
0x00007ffe60c10000 - 0x00007ffe60c2e000 	C:\WINDOWS\SYSTEM32\dhcpcsvc6.DLL
0x00007ffe60bd0000 - 0x00007ffe60bf3000 	C:\WINDOWS\SYSTEM32\dhcpcsvc.DLL
0x00007ffe4f480000 - 0x00007ffe4f48e000 	C:\Users\HP\.antigravity\extensions\redhat.java-1.53.0-win32-x64\jre\21.0.10-win32-x86_64\bin\sunmscapi.dll
0x00007ffe670f0000 - 0x00007ffe67267000 	C:\WINDOWS\System32\CRYPT32.dll
0x00007ffe66620000 - 0x00007ffe66650000 	C:\WINDOWS\SYSTEM32\ncrypt.dll
0x00007ffe665d0000 - 0x00007ffe6660f000 	C:\WINDOWS\SYSTEM32\NTASN1.dll
0x00007ffe655e0000 - 0x00007ffe6570c000 	C:\WINDOWS\SYSTEM32\DNSAPI.dll
0x00007ffe578d0000 - 0x00007ffe578db000 	C:\Windows\System32\rasadhlp.dll
0x00007ffe60eb0000 - 0x00007ffe60f36000 	C:\WINDOWS\System32\fwpuclnt.dll
0x00007ffe4f470000 - 0x00007ffe4f479000 	C:\Users\HP\.antigravity\extensions\redhat.java-1.53.0-win32-x64\jre\21.0.10-win32-x86_64\bin\extnet.dll
0x00007ffe43720000 - 0x00007ffe43747000 	C:\Users\HP\.gradle\native\c067742578af261105cb4f569cf0c3c89f3d7b1fecec35dd04571415982c5e48\windows-amd64\native-platform.dll
0x00007ffe58000000 - 0x00007ffe5800a000 	C:\Users\HP\.antigravity\extensions\redhat.java-1.53.0-win32-x64\jre\21.0.10-win32-x86_64\bin\management.dll
0x00007ffe4f9f0000 - 0x00007ffe4f9fc000 	C:\Users\HP\.antigravity\extensions\redhat.java-1.53.0-win32-x64\jre\21.0.10-win32-x86_64\bin\management_ext.dll
0x00007ffe34eb0000 - 0x00007ffe34eb8000 	C:\WINDOWS\system32\wshunix.dll

JVMTI agents:
c:\Users\HP\.antigravity\extensions\redhat.java-1.53.0-win32-x64\lombok\lombok-1.18.39-4050.jar path:c:\Users\HP\.antigravity\extensions\redhat.java-1.53.0-win32-x64\jre\21.0.10-win32-x86_64\bin\instrument.dll, loaded, initialized, instrumentlib options:none

dbghelp: loaded successfully - version: 4.0.5 - missing functions: none
symbol engine: initialized successfully - sym options: 0x614 - pdb path: .;c:\Users\HP\.antigravity\extensions\redhat.java-1.53.0-win32-x64\jre\21.0.10-win32-x86_64\bin;C:\WINDOWS\SYSTEM32;C:\WINDOWS\WinSxS\amd64_microsoft.windows.common-controls_6595b64144ccf1df_6.0.26100.7824_none_3e0870b2e3345462;c:\Users\HP\.antigravity\extensions\redhat.java-1.53.0-win32-x64\jre\21.0.10-win32-x86_64\bin\server;C:\Users\HP\AppData\Roaming\Antigravity\User\globalStorage\redhat.java\1.53.0\config_win\org.eclipse.equinox.launcher\org.eclipse.equinox.launcher.win32.win32.x86_64_1.3.0.v20260203-2149;C:\Users\HP\AppData\Local\Temp\jna-2312;C:\Users\HP\.gradle\native\c067742578af261105cb4f569cf0c3c89f3d7b1fecec35dd04571415982c5e48\windows-amd64

VM Arguments:
jvm_args: --add-modules=ALL-SYSTEM --add-opens=java.base/java.util=ALL-UNNAMED --add-opens=java.base/java.lang=ALL-UNNAMED --add-opens=java.base/sun.nio.fs=ALL-UNNAMED -Declipse.application=org.eclipse.jdt.ls.core.id1 -Dosgi.bundles.defaultStartLevel=4 -Declipse.product=org.eclipse.jdt.ls.core.product -Djava.import.generatesMetadataFilesAtProjectRoot=false -DDetectVMInstallationsJob.disabled=true -Dfile.encoding=utf8 -XX:+UseParallelGC -XX:GCTimeRatio=4 -XX:AdaptiveSizePolicyWeight=90 -Dsun.zip.disableMemoryMapping=true -Xmx2G -Xms100m -Xlog:disable -javaagent:c:\Users\HP\.antigravity\extensions\redhat.java-1.53.0-win32-x64\lombok\lombok-1.18.39-4050.jar -XX:+HeapDumpOnOutOfMemoryError -XX:HeapDumpPath=c:\Users\HP\AppData\Roaming\Antigravity\User\workspaceStorage\ce259778cc1f066ad61d5e2315271163\redhat.java -Daether.dependencyCollector.impl=bf 
java_command: c:\Users\HP\.antigravity\extensions\redhat.java-1.53.0-win32-x64\server\plugins\org.eclipse.equinox.launcher_1.7.100.v20251111-0406.jar -configuration c:\Users\HP\AppData\Roaming\Antigravity\User\globalStorage\redhat.java\1.53.0\config_win -data c:\Users\HP\AppData\Roaming\Antigravity\User\workspaceStorage\ce259778cc1f066ad61d5e2315271163\redhat.java\jdt_ws --pipe=\\.\pipe\lsp-06b2696b0cc6e4fccf23adbb491c519f-sock
java_class_path (initial): c:\Users\HP\.antigravity\extensions\redhat.java-1.53.0-win32-x64\server\plugins\org.eclipse.equinox.launcher_1.7.100.v20251111-0406.jar
Launcher Type: SUN_STANDARD

[Global flags]
    uintx AdaptiveSizePolicyWeight                 = 90                                        {product} {command line}
     intx CICompilerCount                          = 4                                         {product} {ergonomic}
    uintx GCTimeRatio                              = 4                                         {product} {command line}
     bool HeapDumpOnOutOfMemoryError               = true                                   {manageable} {command line}
    ccstr HeapDumpPath                             = c:\Users\HP\AppData\Roaming\Antigravity\User\workspaceStorage\ce259778cc1f066ad61d5e2315271163\redhat.java         {manageable} {command line}
   size_t InitialHeapSize                          = 104857600                                 {product} {command line}
   size_t MaxHeapSize                              = 2147483648                                {product} {command line}
   size_t MaxNewSize                               = 715653120                                 {product} {ergonomic}
   size_t MinHeapDeltaBytes                        = 524288                                    {product} {ergonomic}
   size_t MinHeapSize                              = 104857600                                 {product} {command line}
   size_t NewSize                                  = 34603008                                  {product} {ergonomic}
    uintx NonNMethodCodeHeapSize                   = 5839372                                {pd product} {ergonomic}
    uintx NonProfiledCodeHeapSize                  = 122909434                              {pd product} {ergonomic}
   size_t OldSize                                  = 70254592                                  {product} {ergonomic}
    uintx ProfiledCodeHeapSize                     = 122909434                              {pd product} {ergonomic}
    uintx ReservedCodeCacheSize                    = 251658240                              {pd product} {ergonomic}
     bool SegmentedCodeCache                       = true                                      {product} {ergonomic}
   size_t SoftMaxHeapSize                          = 2147483648                             {manageable} {ergonomic}
     bool UseCompressedOops                        = true                           {product lp64_product} {ergonomic}
     bool UseLargePagesIndividualAllocation        = false                                  {pd product} {ergonomic}
     bool UseParallelGC                            = true                                      {product} {command line}

Logging:
Log output configuration:
 #0: stdout all=off uptime,level,tags foldmultilines=false
 #1: stderr all=off uptime,level,tags foldmultilines=false

Release file:
JAVA_VERSION="21.0.10" 
MODULES="java.base java.compiler java.datatransfer java.xml java.prefs java.desktop java.instrument java.logging java.management java.security.sasl java.naming java.rmi java.management.rmi java.net.http java.scripting java.security.jgss java.transaction.xa java.sql java.sql.rowset java.xml.crypto java.se java.smartcardio jdk.accessibility jdk.internal.jvmstat jdk.attach jdk.charsets jdk.internal.opt jdk.zipfs jdk.compiler jdk.crypto.ec jdk.crypto.cryptoki jdk.crypto.mscapi jdk.dynalink jdk.internal.ed jdk.editpad jdk.hotspot.agent jdk.httpserver jdk.internal.le jdk.internal.vm.ci jdk.internal.vm.compiler jdk.internal.vm.compiler.management jdk.jartool jdk.javadoc jdk.jcmd jdk.management jdk.management.agent jdk.jconsole jdk.jdeps jdk.jdwp.agent jdk.jdi jdk.jfr jdk.jshell jdk.jsobject jdk.jstatd jdk.localedata jdk.management.jfr jdk.naming.dns jdk.naming.rmi jdk.net jdk.nio.mapmode jdk.random jdk.sctp jdk.security.auth jdk.security.jgss jdk.unsupported jdk.unsupported.desktop jdk.xml.dom" 

Environment Variables:
PATH=C:\Program Files\Python310\Scripts\;C:\Program Files\Python310\;C:\Program Files\Common Files\Oracle\Java\javapath;C:\Program Files (x86)\Common Files\Oracle\Java\java8path;C:\Program Files (x86)\Common Files\Oracle\Java\javapath;C:\WINDOWS\system32;C:\WINDOWS;C:\WINDOWS\System32\Wbem;C:\WINDOWS\System32\WindowsPowerShell\v1.0\;C:\WINDOWS\System32\OpenSSH\;C:\Program Files\dotnet\;C:\Program Files (x86)\NVIDIA Corporation\PhysX\Common;C:\Program Files\Git\cmd;C:\flutter\bin;C:\Users\HP\AppData\Local\nvm;C:\nvm4w\nodejs;C:\Program Files\MongoDB\Server\8.2\bin;C:\flutter\bin\;C:\Users\HP\AppData\Local\Programs\Opera;C:\Program Files\Python310\Scripts\;C:\Program Files\Python310\;C:\Program Files\Common Files\Oracle\Java\javapath;C:\Program Files (x86)\Common Files\Oracle\Java\java8path;C:\Program Files (x86)\Common Files\Oracle\Java\javapath;C:\WINDOWS\system32;C:\WINDOWS;C:\WINDOWS\System32\Wbem;C:\WINDOWS\System32\WindowsPowerShell\v1.0\;C:\WINDOWS\System32\OpenSSH\;C:\Program Files\dotnet\;C:\Program Files (x86)\NVIDIA Corporation\PhysX\Common;C:\Program Files\Git\cmd;C:\flutter\bin;C:\Users\HP\AppData\Local\nvm;C:\nvm4w\nodejs;C:\Program Files\MongoDB\Server\8.2\bin;C:\Users\HP\AppData\Local\Programs\Python\Launcher\;C:\Users\HP\AppData\Local\Microsoft\WindowsApps;C:\Users\HP\AppData\Local\Programs\Microsoft VS Code\bin;C:\Users\HP\AppData\Local\Programs\Antigravity\bin;C:\Users\HP\AppData\Local\nvm;C:\nvm4w\nodejs;C:\Program Files\MongoDB\Server\8.2\bin;;C:\Users\HP\AppData\Local\Pub\Cache\bin;C:\Users\HP\AppData\Local\Pub\Cache\bin;C:\Users\HP\AppData\Local\P;C:\Users\HP\AppData\Local\Android\Sdk\platform-tools;C:\Users\HP\AppData\Local\Programs\Windsurf\bin
USERNAME=HP
OS=Windows_NT
PROCESSOR_IDENTIFIER=Intel64 Family 6 Model 186 Stepping 3, GenuineIntel
TMP=C:\Users\HP\AppData\Local\Temp
TEMP=C:\Users\HP\AppData\Local\Temp




Periodic native trim disabled

---------------  S Y S T E M  ---------------

OS:
 Windows 11 , 64 bit Build 26100 (10.0.26100.7705)
OS uptime: 28 days 4:08 hours
Hyper-V role detected

CPU: total 8 (initial active 8) (4 cores per cpu, 2 threads per core) family 6 model 186 stepping 3 microcode 0x4128, cx8, cmov, fxsr, ht, mmx, 3dnowpref, sse, sse2, sse3, ssse3, sse4.1, sse4.2, popcnt, lzcnt, tsc, tscinvbit, avx, avx2, aes, erms, clmul, bmi1, bmi2, adx, sha, fma, vzeroupper, clflush, clflushopt, clwb, hv, serialize, rdtscp, rdpid, fsrm, f16c, cet_ibt, cet_ss
Processor Information for the first 8 processors :
  Max Mhz: 1200, Current Mhz: 1200, Mhz Limit: 1200

Memory: 4k page, system-wide physical 16027M (704M free)
TotalPageFile size 39518M (AvailPageFile size 2M)
current process WorkingSet (physical memory assigned to process): 252M, peak: 286M
current process commit charge ("private bytes"): 375M, peak: 389M

vm_info: OpenJDK 64-Bit Server VM (21.0.10+7-LTS) for windows-amd64 JRE (21.0.10+7-LTS), built on 2026-01-20T00:00:00Z by "admin" with MS VC++ 17.12 (VS2022)

END.
